mode: set
ratelimiter-service/internal/adapter/in/httpapi/server.go:17.89,19.12 2 0
ratelimiter-service/internal/adapter/in/httpapi/server.go:19.12,20.87 1 0
ratelimiter-service/internal/adapter/in/httpapi/server.go:20.87,22.4 1 0
ratelimiter-service/internal/adapter/in/httpapi/server.go:24.2,25.12 2 0
ratelimiter-service/internal/adapter/in/httpapi/server.go:29.87,32.73 2 1
ratelimiter-service/internal/adapter/in/httpapi/server.go:32.73,34.3 1 1
ratelimiter-service/internal/adapter/in/httpapi/server.go:35.2,39.74 2 1
ratelimiter-service/internal/adapter/in/httpapi/server.go:39.74,41.17 2 1
ratelimiter-service/internal/adapter/in/httpapi/server.go:41.17,44.4 2 0
ratelimiter-service/internal/adapter/in/httpapi/server.go:45.3,46.26 2 1
ratelimiter-service/internal/adapter/in/httpapi/server.go:46.26,54.4 1 1
ratelimiter-service/internal/adapter/in/httpapi/server.go:55.3,55.62 1 1
ratelimiter-service/internal/adapter/in/httpapi/server.go:58.2,58.67 1 1
ratelimiter-service/internal/adapter/in/httpapi/server.go:58.67,63.3 1 0
ratelimiter-service/internal/adapter/in/httpapi/server.go:65.2,65.47 1 1
ratelimiter-service/internal/adapter/in/httpapi/server.go:68.62,72.2 3 1
ratelimiter-service/internal/adapter/in/grpcapi/server.go:29.63,31.2 1 1
ratelimiter-service/internal/adapter/in/grpcapi/server.go:37.102,38.27 1 1
ratelimiter-service/internal/adapter/in/grpcapi/server.go:38.27,40.3 1 1
ratelimiter-service/internal/adapter/in/grpcapi/server.go:41.2,41.24 1 1
ratelimiter-service/internal/adapter/in/grpcapi/server.go:41.24,43.3 1 1
ratelimiter-service/internal/adapter/in/grpcapi/server.go:45.2,47.16 3 1
ratelimiter-service/internal/adapter/in/grpcapi/server.go:47.16,48.46 1 1
ratelimiter-service/internal/adapter/in/grpcapi/server.go:48.46,50.4 1 1
ratelimiter-service/internal/adapter/in/grpcapi/server.go:51.3,52.99 2 0
ratelimiter-service/internal/adapter/in/grpcapi/server.go:54.2,63.8 3 1
ratelimiter-service/internal/adapter/out/memory/store.go:24.24,26.2 1 1
ratelimiter-service/internal/adapter/out/memory/store.go:29.115,35.32 5 1
ratelimiter-service/internal/adapter/out/memory/store.go:35.32,37.3 1 1
ratelimiter-service/internal/adapter/out/memory/store.go:38.2,40.50 3 1
ratelimiter-service/internal/adapter/out/memory/store.go:44.79,49.31 4 1
ratelimiter-service/internal/adapter/out/memory/store.go:49.31,51.13 2 1
ratelimiter-service/internal/adapter/out/memory/store.go:51.13,52.12 1 0
ratelimiter-service/internal/adapter/out/memory/store.go:54.3,60.5 1 1
ratelimiter-service/internal/adapter/out/memory/store.go:63.2,64.17 2 1
ratelimiter-service/internal/adapter/out/memory/store.go:68.59,69.30 1 1
ratelimiter-service/internal/adapter/out/memory/store.go:69.30,70.18 1 1
ratelimiter-service/internal/adapter/out/memory/store.go:70.18,72.4 1 1
ratelimiter-service/internal/adapter/out/memory/store.go:74.2,74.21 1 0
ratelimiter-service/internal/adapter/out/memory/store.go:77.52,78.33 1 1
ratelimiter-service/internal/adapter/out/memory/store.go:78.33,79.74 1 0
ratelimiter-service/internal/adapter/out/memory/store.go:79.74,81.4 1 0
ratelimiter-service/internal/service/limiter.go:20.94,22.2 1 1
ratelimiter-service/internal/service/limiter.go:28.91,31.9 3 1
ratelimiter-service/internal/service/limiter.go:31.9,33.3 1 1
ratelimiter-service/internal/service/limiter.go:34.2,35.16 2 1
ratelimiter-service/internal/service/limiter.go:35.16,37.3 1 1
ratelimiter-service/internal/service/limiter.go:38.2,38.11 1 1
ratelimiter-service/internal/service/limiter.go:38.11,40.3 1 1
ratelimiter-service/internal/service/limiter.go:43.2,47.8 1 1
ratelimiter-service/internal/service/limiter.go:51.62,53.2 1 0
ratelimiter-service/internal/service/limiter.go:56.83,58.2 1 0
ratelimiter-service/internal/tracing/tracing.go:27.71,29.20 2 1
ratelimiter-service/internal/tracing/tracing.go:29.20,30.38 1 1
ratelimiter-service/internal/tracing/tracing.go:30.38,30.52 1 1
ratelimiter-service/internal/tracing/tracing.go:33.2,39.16 3 1
ratelimiter-service/internal/tracing/tracing.go:39.16,41.38 2 0
ratelimiter-service/internal/tracing/tracing.go:41.38,41.52 1 0
ratelimiter-service/internal/tracing/tracing.go:44.2,48.16 2 1
ratelimiter-service/internal/tracing/tracing.go:48.16,50.38 2 0
ratelimiter-service/internal/tracing/tracing.go:50.38,50.52 1 0
ratelimiter-service/internal/tracing/tracing.go:53.2,61.20 5 1
ratelimiter-service/internal/domain/action.go:28.39,34.2 1 1
ratelimiter-service/internal/domain/bucket.go:33.89,35.14 2 1
ratelimiter-service/internal/domain/bucket.go:35.14,37.3 1 1
ratelimiter-service/internal/domain/bucket.go:38.2,39.17 2 1
ratelimiter-service/internal/domain/bucket.go:39.17,41.3 1 1
ratelimiter-service/internal/domain/bucket.go:43.2,45.17 2 1
ratelimiter-service/internal/domain/bucket.go:45.17,48.3 2 1
ratelimiter-service/internal/domain/bucket.go:49.2,54.3 2 1
ratelimiter-service/internal/domain/bucket.go:60.61,62.12 2 1
ratelimiter-service/internal/domain/bucket.go:62.12,64.3 1 0
ratelimiter-service/internal/domain/bucket.go:65.2,65.45 1 1
ratelimiter-service/internal/adapter/out/postgres/repository.go:67.74,69.16 2 0
ratelimiter-service/internal/adapter/out/postgres/repository.go:69.16,71.3 1 0
ratelimiter-service/internal/adapter/out/postgres/repository.go:72.2,72.24 1 0
ratelimiter-service/internal/adapter/out/postgres/repository.go:72.24,74.3 1 0
ratelimiter-service/internal/adapter/out/postgres/repository.go:76.2,76.49 1 0
ratelimiter-service/internal/adapter/out/postgres/repository.go:76.49,78.3 1 0
ratelimiter-service/internal/adapter/out/postgres/repository.go:80.2,81.16 2 0
ratelimiter-service/internal/adapter/out/postgres/repository.go:81.16,83.3 1 0
ratelimiter-service/internal/adapter/out/postgres/repository.go:85.2,88.50 3 0
ratelimiter-service/internal/adapter/out/postgres/repository.go:88.50,91.3 2 0
ratelimiter-service/internal/adapter/out/postgres/repository.go:92.2,92.15 1 0
ratelimiter-service/internal/adapter/out/postgres/repository.go:95.84,98.46 3 0
ratelimiter-service/internal/adapter/out/postgres/repository.go:98.46,100.3 1 0
ratelimiter-service/internal/adapter/out/postgres/repository.go:101.2,101.28 1 0
ratelimiter-service/internal/adapter/out/postgres/repository.go:105.122,111.40 3 0
ratelimiter-service/internal/adapter/out/postgres/repository.go:111.40,113.3 1 0
ratelimiter-service/internal/adapter/out/postgres/repository.go:114.2,114.30 1 0
ratelimiter-service/internal/adapter/out/postgres/repository.go:118.86,120.16 2 0
ratelimiter-service/internal/adapter/out/postgres/repository.go:120.16,122.3 1 0
ratelimiter-service/internal/adapter/out/postgres/repository.go:123.2,123.15 1 0
ratelimiter-service/internal/adapter/out/postgres/repository.go:123.15,123.35 1 0
ratelimiter-service/internal/adapter/out/postgres/repository.go:124.2,125.18 2 0
ratelimiter-service/internal/adapter/out/postgres/repository.go:125.18,127.89 2 0
ratelimiter-service/internal/adapter/out/postgres/repository.go:127.89,129.4 1 0
ratelimiter-service/internal/adapter/out/postgres/repository.go:130.3,130.23 1 0
ratelimiter-service/internal/adapter/out/postgres/repository.go:132.2,132.35 1 0
ratelimiter-service/internal/adapter/out/postgres/repository.go:132.35,134.3 1 0
ratelimiter-service/internal/adapter/out/postgres/repository.go:135.2,135.17 1 0
ratelimiter-service/internal/adapter/out/postgres/repository.go:139.36,139.59 1 0
ratelimiter-service/internal/adapter/out/postgres/repository.go:144.69,149.16 4 0
ratelimiter-service/internal/adapter/out/postgres/repository.go:149.16,151.3 1 0
ratelimiter-service/internal/adapter/out/postgres/repository.go:152.2,152.15 1 0
ratelimiter-service/internal/adapter/out/postgres/repository.go:152.15,152.56 1 0
ratelimiter-service/internal/adapter/out/postgres/repository.go:154.2,157.30 2 0
ratelimiter-service/internal/adapter/out/postgres/repository.go:157.30,159.3 1 0
ratelimiter-service/internal/adapter/out/postgres/repository.go:160.2,160.12 1 0
ratelimiter-service/internal/adapter/out/postgres/repository.go:160.12,162.3 1 0
ratelimiter-service/internal/adapter/out/postgres/repository.go:163.2,164.70 2 0
ratelimiter-service/internal/adapter/out/postgres/repository.go:164.70,166.54 2 0
ratelimiter-service/internal/adapter/out/postgres/repository.go:166.54,168.4 1 0
ratelimiter-service/internal/adapter/out/postgres/repository.go:169.3,169.75 1 0
ratelimiter-service/internal/adapter/out/postgres/repository.go:171.2,171.12 1 0
ratelimiter-service/internal/adapter/out/postgres/repository.go:176.62,177.43 1 0
ratelimiter-service/internal/adapter/out/postgres/repository.go:177.43,178.54 1 0
ratelimiter-service/internal/adapter/out/postgres/repository.go:178.54,180.4 1 0
ratelimiter-service/internal/adapter/out/postgres/repository.go:182.2,182.12 1 0
ratelimiter-service/internal/adapter/out/postgres/repository.go:189.38,191.60 2 1
ratelimiter-service/internal/adapter/out/postgres/repository.go:191.60,192.42 1 1
ratelimiter-service/internal/adapter/out/postgres/repository.go:192.42,194.4 1 1
ratelimiter-service/internal/adapter/out/postgres/repository.go:196.2,196.12 1 1
ratelimiter-service/internal/adapter/out/postgres/repository.go:202.39,204.48 2 1
ratelimiter-service/internal/adapter/out/postgres/repository.go:204.48,205.55 1 1
ratelimiter-service/internal/adapter/out/postgres/repository.go:205.55,206.12 1 1
ratelimiter-service/internal/adapter/out/postgres/repository.go:208.3,209.22 2 1
ratelimiter-service/internal/adapter/out/postgres/repository.go:211.2,211.19 1 1
ratelimiter-service/internal/adapter/out/postgres/repository.go:215.55,219.2 3 1
ratelimiter-service/cmd/ratelimiter/main.go:38.13,47.21 4 0
ratelimiter-service/cmd/ratelimiter/main.go:48.16,49.28 1 0
ratelimiter-service/cmd/ratelimiter/main.go:50.18,55.17 2 0
ratelimiter-service/cmd/ratelimiter/main.go:55.17,57.4 1 0
ratelimiter-service/cmd/ratelimiter/main.go:58.3,58.16 1 0
ratelimiter-service/cmd/ratelimiter/main.go:58.16,58.39 1 0
ratelimiter-service/cmd/ratelimiter/main.go:59.3,59.18 1 0
ratelimiter-service/cmd/ratelimiter/main.go:60.10,61.106 1 0
ratelimiter-service/cmd/ratelimiter/main.go:64.2,64.59 1 0
ratelimiter-service/cmd/ratelimiter/main.go:64.59,67.3 1 0
ratelimiter-service/cmd/ratelimiter/main.go:68.2,78.16 5 0
ratelimiter-service/cmd/ratelimiter/main.go:78.16,80.3 1 0
ratelimiter-service/cmd/ratelimiter/main.go:82.2,95.12 8 0
ratelimiter-service/cmd/ratelimiter/main.go:95.12,97.44 2 0
ratelimiter-service/cmd/ratelimiter/main.go:97.44,99.4 1 0
ratelimiter-service/cmd/ratelimiter/main.go:102.2,110.12 4 0
ratelimiter-service/cmd/ratelimiter/main.go:110.12,113.3 2 0
ratelimiter-service/cmd/ratelimiter/main.go:114.2,114.9 1 0
ratelimiter-service/cmd/ratelimiter/main.go:115.14,115.14 0 0
ratelimiter-service/cmd/ratelimiter/main.go:116.37,117.17 1 0
ratelimiter-service/cmd/ratelimiter/main.go:119.2,123.48 5 0
ratelimiter-service/internal/adapter/out/prom/metrics.go:24.21,50.2 4 0
ratelimiter-service/internal/adapter/out/prom/metrics.go:53.42,55.2 1 0
ratelimiter-service/internal/adapter/out/prom/metrics.go:58.71,60.13 2 0
ratelimiter-service/internal/adapter/out/prom/metrics.go:60.13,62.3 1 0
ratelimiter-service/internal/adapter/out/prom/metrics.go:63.2,64.53 2 0
ratelimiter-service/internal/adapter/out/prom/metrics.go:68.40,70.2 1 0
ratelimiter-service/internal/config/config.go:25.20,34.2 1 0
ratelimiter-service/internal/config/config.go:36.34,37.34 1 0
ratelimiter-service/internal/config/config.go:37.34,39.3 1 0
ratelimiter-service/internal/config/config.go:40.2,40.12 1 0
ratelimiter-service/internal/config/config.go:43.38,44.34 1 0
ratelimiter-service/internal/config/config.go:44.34,45.44 1 0
ratelimiter-service/internal/config/config.go:45.44,47.4 1 0
ratelimiter-service/internal/config/config.go:49.2,49.12 1 0
ratelimiter-service/internal/pb/ratelimiter.pb.go:39.36,44.2 4 0
ratelimiter-service/internal/pb/ratelimiter.pb.go:46.44,48.2 1 0
ratelimiter-service/internal/pb/ratelimiter.pb.go:50.42,50.43 0 0
ratelimiter-service/internal/pb/ratelimiter.pb.go:52.64,54.14 2 0
ratelimiter-service/internal/pb/ratelimiter.pb.go:54.14,56.34 2 0
ratelimiter-service/internal/pb/ratelimiter.pb.go:56.34,58.4 1 0
ratelimiter-service/internal/pb/ratelimiter.pb.go:59.3,59.12 1 0
ratelimiter-service/internal/pb/ratelimiter.pb.go:61.2,61.24 1 0
ratelimiter-service/internal/pb/ratelimiter.pb.go:65.55,67.2 1 0
ratelimiter-service/internal/pb/ratelimiter.pb.go:69.47,70.14 1 0
ratelimiter-service/internal/pb/ratelimiter.pb.go:70.14,72.3 1 0
ratelimiter-service/internal/pb/ratelimiter.pb.go:73.2,73.11 1 0
ratelimiter-service/internal/pb/ratelimiter.pb.go:76.44,77.14 1 0
ratelimiter-service/internal/pb/ratelimiter.pb.go:77.14,79.3 1 0
ratelimiter-service/internal/pb/ratelimiter.pb.go:80.2,80.11 1 0
ratelimiter-service/internal/pb/ratelimiter.pb.go:94.37,99.2 4 0
ratelimiter-service/internal/pb/ratelimiter.pb.go:101.45,103.2 1 0
ratelimiter-service/internal/pb/ratelimiter.pb.go:105.43,105.44 0 0
ratelimiter-service/internal/pb/ratelimiter.pb.go:107.65,109.14 2 0
ratelimiter-service/internal/pb/ratelimiter.pb.go:109.14,111.34 2 0
ratelimiter-service/internal/pb/ratelimiter.pb.go:111.34,113.4 1 0
ratelimiter-service/internal/pb/ratelimiter.pb.go:114.3,114.12 1 0
ratelimiter-service/internal/pb/ratelimiter.pb.go:116.2,116.24 1 0
ratelimiter-service/internal/pb/ratelimiter.pb.go:120.56,122.2 1 0
ratelimiter-service/internal/pb/ratelimiter.pb.go:124.47,125.14 1 0
ratelimiter-service/internal/pb/ratelimiter.pb.go:125.14,127.3 1 0
ratelimiter-service/internal/pb/ratelimiter.pb.go:128.2,128.14 1 0
ratelimiter-service/internal/pb/ratelimiter.pb.go:131.53,132.14 1 0
ratelimiter-service/internal/pb/ratelimiter.pb.go:132.14,134.3 1 0
ratelimiter-service/internal/pb/ratelimiter.pb.go:135.2,135.10 1 0
ratelimiter-service/internal/pb/ratelimiter.pb.go:138.50,139.14 1 0
ratelimiter-service/internal/pb/ratelimiter.pb.go:139.14,141.3 1 0
ratelimiter-service/internal/pb/ratelimiter.pb.go:142.2,142.10 1 0
ratelimiter-service/internal/pb/ratelimiter.pb.go:145.46,146.14 1 0
ratelimiter-service/internal/pb/ratelimiter.pb.go:146.14,148.3 1 0
ratelimiter-service/internal/pb/ratelimiter.pb.go:149.2,149.10 1 0
ratelimiter-service/internal/pb/ratelimiter.pb.go:152.49,153.14 1 0
ratelimiter-service/internal/pb/ratelimiter.pb.go:153.14,155.3 1 0
ratelimiter-service/internal/pb/ratelimiter.pb.go:156.2,156.10 1 0
ratelimiter-service/internal/pb/ratelimiter.pb.go:181.50,182.47 1 0
ratelimiter-service/internal/pb/ratelimiter.pb.go:182.47,184.3 1 0
ratelimiter-service/internal/pb/ratelimiter.pb.go:185.2,185.43 1 0
ratelimiter-service/internal/pb/ratelimiter.pb.go:203.13,203.46 1 0
ratelimiter-service/internal/pb/ratelimiter.pb.go:204.36,205.35 1 0
ratelimiter-service/internal/pb/ratelimiter.pb.go:205.35,207.3 1 0
ratelimiter-service/internal/pb/ratelimiter.pb.go:208.2,224.38 5 0
ratelimiter-service/internal/pb/ratelimiter_grpc.pb.go:48.74,50.2 1 0
ratelimiter-service/internal/pb/ratelimiter_grpc.pb.go:52.131,56.16 4 0
ratelimiter-service/internal/pb/ratelimiter_grpc.pb.go:56.16,58.3 1 0
ratelimiter-service/internal/pb/ratelimiter_grpc.pb.go:59.2,59.17 1 0
ratelimiter-service/internal/pb/ratelimiter_grpc.pb.go:82.109,84.2 1 0
ratelimiter-service/internal/pb/ratelimiter_grpc.pb.go:85.82,85.83 0 0
ratelimiter-service/internal/pb/ratelimiter_grpc.pb.go:86.82,86.83 0 0
ratelimiter-service/internal/pb/ratelimiter_grpc.pb.go:95.80,100.59 1 0
ratelimiter-service/internal/pb/ratelimiter_grpc.pb.go:100.59,102.3 1 0
ratelimiter-service/internal/pb/ratelimiter_grpc.pb.go:103.2,103.50 1 0
ratelimiter-service/internal/pb/ratelimiter_grpc.pb.go:106.162,108.32 2 0
ratelimiter-service/internal/pb/ratelimiter_grpc.pb.go:108.32,110.3 1 0
ratelimiter-service/internal/pb/ratelimiter_grpc.pb.go:111.2,111.24 1 0
ratelimiter-service/internal/pb/ratelimiter_grpc.pb.go:111.24,113.3 1 0
ratelimiter-service/internal/pb/ratelimiter_grpc.pb.go:114.2,118.77 2 0
ratelimiter-service/internal/pb/ratelimiter_grpc.pb.go:118.77,120.3 1 0
ratelimiter-service/internal/pb/ratelimiter_grpc.pb.go:121.2,121.44 1 0
